../Core/Src/main.c:67:6:vTask1	16	static
../Core/Src/main.c:74:6:vTask2	16	static
../Core/Src/main.c:91:5:main	16	static
../Core/Src/main.c:158:6:SystemClock_Config	88	static
../Core/Src/main.c:203:6:PeriphCommonClock_Config	32	static
../Core/Src/main.c:224:13:MX_I2C1_Init	8	static
../Core/Src/main.c:258:13:MX_I2S2_Init	8	static
../Core/Src/main.c:292:13:MX_I2S3_Init	8	static
../Core/Src/main.c:326:13:MX_SPI1_Init	8	static
../Core/Src/main.c:364:13:MX_GPIO_Init	56	static
../Core/Src/main.c:451:6:HAL_TIM_PeriodElapsedCallback	16	static
../Core/Src/main.c:468:6:Error_Handler	4	static,ignoring_inline_asm
